[    0.000000] Linux version 4.15.0-212-generic (buildd@lcy02-amd64-083) (gcc version 7.5.0 (Ubuntu 7.5.0-3ubuntu1~18.04)) #223-Ubuntu SMP Tue May 23 13:09:22 UTC 2023 (Ubuntu 4.15.0-212.223-generic 4.15.18)
[    0.000000] Command line: BOOT_IMAGE=/boot/vmlinuz-4.15.0-212-generic root=LABEL=cloudimg-rootfs ro console=tty1 console=ttyS0
[    0.000000] KERNEL supported cpus:
[    0.000000]   Intel GenuineIntel
[    0.000000]   AMD AuthenticAMD
[    0.000000]   Centaur CentaurHauls
[    0.000000] x86/fpu: Supporting XSAVE feature 0x001: 'x87 floating point registers'
[    0.000000] x86/fpu: Supporting XSAVE feature 0x002: 'SSE registers'
[    0.000000] x86/fpu: Supporting XSAVE feature 0x004: 'AVX registers'
[    0.000000] x86/fpu: xstate_offset[2]:  576, xstate_sizes[2]:  256
[    0.000000] x86/fpu: Enabled xstate features 0x7, context size is 832 bytes, using 'standard' format.
[    0.000000] e820: BIOS-provided physical RAM map:
[    0.000000] BIOS-e820: [mem 0x0000000000000000-0x000000000009fbff] usable
[    0.000000] BIOS-e820: [mem 0x000000000009fc00-0x000000000009ffff] reserved
[    0.000000] BIOS-e820: [mem 0x00000000000f0000-0x00000000000fffff] reserved
[    0.000000] BIOS-e820: [mem 0x0000000000100000-0x000000003ffeffff] usable
[    0.000000] BIOS-e820: [mem 0x000000003fff0000-0x000000003fffffff] ACPI data
[    0.000000] BIOS-e820: [mem 0x00000000fec00000-0x00000000fec00fff] reserved
[    0.000000] BIOS-e820: [mem 0x00000000fee00000-0x00000000fee00fff] reserved
[    0.000000] BIOS-e820: [mem 0x00000000fffc0000-0x00000000ffffffff] reserved
[    0.000000] NX (Execute Disable) protection: active
[    0.000000] SMBIOS 2.5 present.
[    0.000000] DMI: innotek GmbH VirtualBox/VirtualBox, BIOS VirtualBox 12/01/2006
[    0.000000] Hypervisor detected: KVM
[    0.000000] e820: last_pfn = 0x3fff0 max_arch_pfn = 0x400000000
[    0.000000] MTRR: Disabled
[    0.000000] x86/PAT: MTRRs disabled, skipping PAT initialization too.
[    0.000000] CPU MTRRs all blank - virtualized system.
[    0.000000] x86/PAT: Configuration [0-7]: WB  WT  UC- UC  WB  WT  UC- UC  
[    0.000000] found SMP MP-table at [mem 0x0009fff0-0x0009ffff]
[    0.000000] Scanning 1 areas for low memory corruption
[    0.000000] RAMDISK: [mem 0x359cb000-0x36cdcfff]
[    0.000000] ACPI: Early table checksum verification disabled
[    0.000000] ACPI: RSDP 0x00000000000E0000 000024 (v02 VBOX  )
[    0.000000] ACPI: XSDT 0x000000003FFF0030 00003C (v01 VBOX   VBOXXSDT 00000001 ASL  00000061)
[    0.000000] ACPI: FACP 0x000000003FFF00F0 0000F4 (v04 VBOX   VBOXFACP 00000001 ASL  00000061)
[    0.000000] ACPI: DSDT 0x000000003FFF0610 002353 (v02 VBOX   VBOXBIOS 00000002 INTL 20210930)
[    0.000000] ACPI: FACS 0x000000003FFF0200 000040
[    0.000000] ACPI: FACS 0x000000003FFF0200 000040
[    0.000000] ACPI: APIC 0x000000003FFF0240 00005C (v02 VBOX   VBOXAPIC 00000001 ASL  00000061)
[    0.000000] ACPI: SSDT 0x000000003FFF02A0 00036C (v01 VBOX   VBOXCPUT 00000002 INTL 20210930)
[    0.000000] ACPI: Reserving FACP table memory at [mem 0x3fff00f0-0x3fff01e3]
[    0.000000] ACPI: Reserving DSDT table memory at [mem 0x3fff0610-0x3fff2962]
[    0.000000] ACPI: Reserving FACS table memory at [mem 0x3fff0200-0x3fff023f]
[    0.000000] ACPI: Reserving FACS table memory at [mem 0x3fff0200-0x3fff023f]
[    0.000000] ACPI: Reserving APIC table memory at [mem 0x3fff0240-0x3fff029b]
[    0.000000] ACPI: Reserving SSDT table memory at [mem 0x3fff02a0-0x3fff060b]
[    0.000000] No NUMA configuration found
[    0.000000] Faking a node at [mem 0x0000000000000000-0x000000003ffeffff]
[    0.000000] NODE_DATA(0) allocated [mem 0x3ffc5000-0x3ffeffff]
[    0.000000] kvm-clock: cpu 0, msr 0:3ff44001, primary cpu clock
[    0.000000] kvm-clock: Using msrs 4b564d01 and 4b564d00
[    0.000000] kvm-clock: using sched offset of 3154781837 cycles
[    0.000000] clocksource: kvm-clock: mask: 0xffffffffffffffff max_cycles: 0x1cd42e4dffb, max_idle_ns: 881590591483 ns
[    0.000000] Zone ranges:
[    0.000000]   DMA      [mem 0x0000000000001000-0x0000000000ffffff]
[    0.000000]   DMA32    [mem 0x0000000001000000-0x000000003ffeffff]
[    0.000000]   Normal   empty
[    0.000000]   Device   empty
[    0.000000] Movable zone start for each node
[    0.000000] Early memory node ranges
[    0.000000]   node   0: [mem 0x0000000000001000-0x000000000009efff]
[    0.000000]   node   0: [mem 0x0000000000100000-0x000000003ffeffff]
[    0.000000] Reserved but unavailable: 104 pages
[    0.000000] Initmem setup node 0 [mem 0x0000000000001000-0x000000003ffeffff]
[    0.000000] ACPI: PM-Timer IO Port: 0x4008
[    0.000000] IOAPIC[0]: apic_id 2, version 32, address 0xfec00000, GSI 0-23
[    0.000000] ACPI: INT_SRC_OVR (bus 0 bus_irq 0 global_irq 2 dfl dfl)
[    0.000000] ACPI: INT_SRC_OVR (bus 0 bus_irq 9 global_irq 9 low level)
[    0.000000] Using ACPI (MADT) for SMP configuration information
[    0.000000] smpboot: Allowing 2 CPUs, 0 hotplug CPUs
[    0.000000] PM: Registered nosave memory: [mem 0x00000000-0x00000fff]
[    0.000000] PM: Registered nosave memory: [mem 0x0009f000-0x0009ffff]
[    0.000000] PM: Registered nosave memory: [mem 0x000a0000-0x000effff]
[    0.000000] PM: Registered nosave memory: [mem 0x000f0000-0x000fffff]
[    0.000000] e820: [mem 0x40000000-0xfebfffff] available for PCI devices
[    0.000000] Booting paravirtualized kernel on KVM
[    0.000000] clocksource: refined-jiffies: mask: 0xffffffff max_cycles: 0xffffffff, max_idle_ns: 7645519600211568 ns
[    0.000000] setup_percpu: NR_CPUS:8192 nr_cpumask_bits:2 nr_cpu_ids:2 nr_node_ids:1
[    0.000000] percpu: Embedded 50 pages/cpu s167936 r8192 d28672 u1048576
[    0.000000] PV qspinlock hash table entries: 256 (order: 0, 4096 bytes)
[    0.000000] Built 1 zonelists, mobility grouping on.  Total pages: 257913
[    0.000000] Policy zone: DMA32
[    0.000000] Kernel command line: BOOT_IMAGE=/boot/vmlinuz-4.15.0-212-generic root=LABEL=cloudimg-rootfs ro console=tty1 console=ttyS0
[    0.000000] Memory: 982644K/1048120K available (12300K kernel code, 2477K rwdata, 4324K rodata, 2480K init, 2720K bss, 65476K reserved, 0K cma-reserved)
[    0.000000] SLUB: HWalign=64, Order=0-3, MinObjects=0, CPUs=2, Nodes=1
[    0.000000] Kernel/User page tables isolation: enabled
[    0.000000] ftrace: allocating 39508 entries in 155 pages
[    0.004000] Hierarchical RCU implementation.
[    0.004000] 	RCU restricting CPUs from NR_CPUS=8192 to nr_cpu_ids=2.
[    0.004000] 	Tasks RCU enabled.
[    0.004000] RCU: Adjusting geometry for rcu_fanout_leaf=16, nr_cpu_ids=2
[    0.004000] NR_IRQS: 524544, nr_irqs: 440, preallocated irqs: 16
[    0.004000] random: crng init done
[    0.004000] Console: colour VGA+ 80x25
[    0.004000] console [tty1] enabled
[    0.004000] console [ttyS0] enabled
[    0.004000] ACPI: Core revision 20170831
[    0.004000] ACPI: 2 ACPI AML tables successfully acquired and loaded
[    0.004000] APIC: Switch to symmetric I/O mode setup
[    0.004000] x2apic enabled
[    0.004018] Switched APIC routing to physical x2apic.
[    0.012000] ..TIMER: vector=0x30 apic1=0 pin1=2 apic2=-1 pin2=-1
[    0.012005] tsc: Detected 2307.998 MHz processor
[    0.014535] Calibrating delay loop (skipped) preset value.. 4615.99 BogoMIPS (lpj=9231992)
[    0.016003] pid_max: default: 32768 minimum: 301
[    0.020039] Security Framework initialized
[    0.024003] Yama: becoming mindful.
[    0.025980] AppArmor: AppArmor initialized
[    0.028783] Dentry cache hash table entries: 131072 (order: 8, 1048576 bytes)
[    0.032394] Inode-cache hash table entries: 65536 (order: 7, 524288 bytes)
[    0.036034] Mount-cache hash table entries: 2048 (order: 2, 16384 bytes)
[    0.040020] Mountpoint-cache hash table entries: 2048 (order: 2, 16384 bytes)
[    0.045120] Last level iTLB entries: 4KB 64, 2MB 8, 4MB 8
[    0.048002] Last level dTLB entries: 4KB 64, 2MB 0, 4MB 0, 1GB 4
[    0.051173] Spectre V1 : Mitigation: usercopy/swapgs barriers and __user pointer sanitization
[    0.052003] Spectre V2 : Mitigation: Retpolines
[    0.054457] Spectre V2 : Spectre v2 / SpectreRSB mitigation: Filling RSB on context switch
[    0.056002] Spectre V2 : Spectre v2 / SpectreRSB : Filling RSB on VMEXIT
[    0.060002] RETBleed: WARNING: Spectre v2 mitigation leaves CPU vulnerable to RETBleed attacks, data leaks possible!
[    0.064005] RETBleed: Vulnerable
[    0.065864] Speculative Store Bypass: Vulnerable
[    0.068100] MDS: Mitigation: Clear CPU buffers
[    0.072003] MMIO Stale Data: Mitigation: Clear CPU buffers
[    0.076016] SRBDS: Unknown: Dependent on hypervisor status
[    0.080000] Freeing SMP alternatives memory: 36K
[    0.195509] smpboot: CPU0: Intel(R) Core(TM) i9-9880H CPU @ 2.30GHz (family: 0x6, model: 0x9e, stepping: 0xd)
[    0.196144] Performance Events: unsupported p6 CPU model 158 no PMU driver, software events only.
[    0.200057] Hierarchical SRCU implementation.
[    0.204496] NMI watchdog: Perf event create on CPU 0 failed with -2
[    0.208002] NMI watchdog: Perf NMI watchdog permanently disabled
[    0.212107] smp: Bringing up secondary CPUs ...
[    0.216221] x86: Booting SMP configuration:
[    0.218482] .... node  #0, CPUs:      #1
[    0.004000] kvm-clock: cpu 1, msr 0:3ff44041, secondary cpu clock
[    0.224166] smp: Brought up 1 node, 2 CPUs
[    0.228007] smpboot: Max logical packages: 1
[    0.230821] smpboot: Total of 2 processors activated (9231.99 BogoMIPS)
[    0.232170] devtmpfs: initialized
[    0.236056] x86/mm: Memory block size: 128MB
[    0.238582] evm: security.selinux
[    0.240003] evm: security.SMACK64
[    0.241886] evm: security.SMACK64EXEC
[    0.244002] evm: security.SMACK64TRANSMUTE
[    0.246306] evm: security.SMACK64MMAP
[    0.248000] evm: security.apparmor
[    0.248002] evm: security.ima
[    0.249750] evm: security.capability
[    0.252259] clocksource: jiffies: mask: 0xffffffff max_cycles: 0xffffffff, max_idle_ns: 7645041785100000 ns
[    0.256011] futex hash table entries: 512 (order: 3, 32768 bytes)
[    0.260075] pinctrl core: initialized pinctrl subsystem
[    0.268002] RTC time: 16:59:13, date: 09/10/24
[    0.270719] NET: Registered protocol family 16
[    0.272069] audit: initializing netlink subsys (disabled)
[    0.276143] audit: type=2000 audit(1725987558.503:1): state=initialized audit_enabled=0 res=1
[    0.280006] cpuidle: using governor ladder
[    0.282685] cpuidle: using governor menu
[    0.284062] ACPI: bus type PCI registered
[    0.286927] acpiphp: ACPI Hot Plug PCI Controller Driver version: 0.5
[    0.288283] PCI: Using configuration type 1 for base access
[    0.296250] HugeTLB registered 2.00 MiB page size, pre-allocated 0 pages
[    0.300237] ACPI: Added _OSI(Module Device)
[    0.304026] ACPI: Added _OSI(Processor Device)
[    0.306423] ACPI: Added _OSI(3.0 _SCP Extensions)
[    0.308008] ACPI: Added _OSI(Processor Aggregator Device)
[    0.310942] ACPI: Added _OSI(Linux-Dell-Video)
[    0.312003] ACPI: Added _OSI(Linux-Lenovo-NV-HDMI-Audio)
[    0.316008] ACPI: Added _OSI(Linux-HPI-Hybrid-Graphics)
[    0.321081] ACPI: Executed 1 blocks of module-level executable AML code
[    0.327364] ACPI: Interpreter enabled
[    0.328012] ACPI: (supports S0 S5)
[    0.330000] ACPI: Using IOAPIC for interrupt routing
[    0.332396] PCI: Using host bridge windows from ACPI; if necessary, use "pci=nocrs" and report a bug
[    0.336214] ACPI: Enabled 2 GPEs in block 00 to 07
[    0.351469] ACPI: PCI Root Bridge [PCI0] (domain 0000 [bus 00-ff])
[    0.352009] acpi PNP0A03:00: _OSC: OS supports [ASPM ClockPM Segments MSI]
[    0.356691] acpi PNP0A03:00: _OSC: not requesting OS control; OS requires [ExtendedConfig ASPM ClockPM MSI]
[    0.360011] acpi PNP0A03:00: fail to add MMCONFIG information, can't access extended PCI configuration space under this bridge.
[    0.364633] PCI host bridge to bus 0000:00
[    0.368004] pci_bus 0000:00: root bus resource [io  0x0000-0x0cf7 window]
[    0.372003] pci_bus 0000:00: root bus resource [io  0x0d00-0xffff window]
[    0.376008] pci_bus 0000:00: root bus resource [mem 0x000a0000-0x000bffff window]
[    0.380007] pci_bus 0000:00: root bus resource [mem 0x40000000-0xfdffffff window]
[    0.384004] pci_bus 0000:00: root bus resource [bus 00-ff]
[    0.394288] pci 0000:00:01.1: legacy IDE quirk: reg 0x10: [io  0x01f0-0x01f7]
[    0.396003] pci 0000:00:01.1: legacy IDE quirk: reg 0x14: [io  0x03f6]
[    0.400003] pci 0000:00:01.1: legacy IDE quirk: reg 0x18: [io  0x0170-0x0177]
[    0.404003] pci 0000:00:01.1: legacy IDE quirk: reg 0x1c: [io  0x0376]
[    0.476537] pci 0000:00:07.0: quirk: [io  0x4000-0x403f] claimed by PIIX4 ACPI
[    0.480052] pci 0000:00:07.0: quirk: [io  0x4100-0x410f] claimed by PIIX4 SMB
[    0.493072] ACPI: PCI Interrupt Link [LNKA] (IRQs 5 9 10 *11)
[    0.496478] ACPI: PCI Interrupt Link [LNKB] (IRQs 5 9 *10 11)
[    0.500069] ACPI: PCI Interrupt Link [LNKC] (IRQs 5 *9 10 11)
[    0.503424] ACPI: PCI Interrupt Link [LNKD] (IRQs 5 9 10 *11)
[    0.508125] SCSI subsystem initialized
[    0.510786] pci 0000:00:02.0: vgaarb: setting as boot VGA device
[    0.511528] pci 0000:00:02.0: vgaarb: VGA device added: decodes=io+mem,owns=io+mem,locks=none
[    0.512007] pci 0000:00:02.0: vgaarb: bridge control possible
[    0.516002] vgaarb: loaded
[    0.517606] ACPI: bus type USB registered
[    0.520016] usbcore: registered new interface driver usbfs
[    0.524017] usbcore: registered new interface driver hub
[    0.526845] usbcore: registered new device driver usb
[    0.528086] EDAC MC: Ver: 3.0.0
[    0.532483] PCI: Using ACPI for IRQ routing
[    0.536564] NetLabel: Initializing
[    0.538684] NetLabel:  domain hash size = 128
[    0.540003] NetLabel:  protocols = UNLABELED CIPSOv4 CALIPSO
[    0.544018] NetLabel:  unlabeled traffic allowed by default
[    0.548203] clocksource: Switched to clocksource kvm-clock
[    0.567620] VFS: Disk quotas dquot_6.6.0
[    0.571141] VFS: Dquot-cache hash table entries: 512 (order 0, 4096 bytes)
[    0.575178] AppArmor: AppArmor Filesystem Enabled
[    0.580306] pnp: PnP ACPI init
[    0.586711] pnp: PnP ACPI: found 3 devices
[    0.605275] clocksource: acpi_pm: mask: 0xffffff max_cycles: 0xffffff, max_idle_ns: 2085701024 ns
[    0.610061] NET: Registered protocol family 2
[    0.612604] IP idents hash table entries: 16384 (order: 5, 131072 bytes)
[    0.616568] TCP established hash table entries: 8192 (order: 4, 65536 bytes)
[    0.620222] TCP bind hash table entries: 8192 (order: 5, 131072 bytes)
[    0.623967] TCP: Hash tables configured (established 8192 bind 8192)
[    0.627513] UDP hash table entries: 512 (order: 2, 16384 bytes)
[    0.630893] UDP-Lite hash table entries: 512 (order: 2, 16384 bytes)
[    0.634374] NET: Registered protocol family 1
[    0.636848] pci 0000:00:00.0: Limiting direct PCI/PCI transfers
[    0.640049] pci 0000:00:01.0: Activating ISA DMA hang workarounds
[    0.643480] pci 0000:00:02.0: Video device with shadowed ROM at [mem 0x000c0000-0x000dffff]
[    0.648401] Unpacking initramfs...
[    0.951215] Freeing initrd memory: 19528K
[    0.954672] clocksource: tsc: mask: 0xffffffffffffffff max_cycles: 0x2144b87975c, max_idle_ns: 440795207036 ns
[    0.960111] platform rtc_cmos: registered platform RTC device (no PNP device found)
[    0.965053] Scanning for low memory corruption every 60 seconds
[    0.969027] Initialise system trusted keyrings
[    0.972292] Key type blacklist registered
[    0.974827] workingset: timestamp_bits=36 max_order=18 bucket_order=0
[    0.979792] zbud: loaded
[    0.982152] squashfs: version 4.0 (2009/01/31) Phillip Lougher
[    0.986324] fuse init (API version 7.26)
[    0.997693] Key type asymmetric registered
[    0.999967] Asymmetric key parser 'x509' registered
[    1.002749] Block layer SCSI generic (bsg) driver version 0.4 loaded (major 246)
[    1.006959] io scheduler noop registered
[    1.009320] io scheduler deadline registered
[    1.011736] io scheduler cfq registered (default)
[    1.014986] ACPI: AC Adapter [AC] (off-line)
[    1.017428] input: Power Button as /devices/LNXSYSTM:00/LNXPWRBN:00/input/input0
[    1.021634] ACPI: Power Button [PWRF]
[    1.023890] input: Sleep Button as /devices/LNXSYSTM:00/LNXSLPBN:00/input/input1
[    1.027923] ACPI: Sleep Button [SLPF]
[    1.032888] ACPI: Battery Slot [BAT0] (battery present)
[    1.032919] Serial: 8250/16550 driver, 32 ports, IRQ sharing enabled
[    1.132968] 00:02: ttyS0 at I/O 0x3f8 (irq = 4, base_baud = 115200) is a 16550A
[    1.132968] Linux agpgart interface v0.103
[    1.167755] loop: module loaded
[    1.171383] scsi host0: ata_piix
[    1.174391] scsi host1: ata_piix
[    1.176523] ata1: PATA max UDMA/33 cmd 0x1f0 ctl 0x3f6 bmdma 0xd000 irq 14
[    1.178381] ata2: PATA max UDMA/33 cmd 0x170 ctl 0x376 bmdma 0xd008 irq 15
[    1.184871] tun: Universal TUN/TAP device driver, 1.6
[    1.188083] PPP generic driver version 2.4.2
[    1.190784] ehci_hcd: USB 2.0 'Enhanced' Host Controller (EHCI) Driver
[    1.194482] ehci-pci: EHCI PCI platform driver
[    1.197116] ehci-platform: EHCI generic platform driver
[    1.198453] ohci_hcd: USB 1.1 'Open' Host Controller (OHCI) Driver
[    1.204295] ohci-pci: OHCI PCI platform driver
[    1.206948] ohci-platform: OHCI generic platform driver
[    1.208260] uhci_hcd: USB Universal Host Controller Interface driver
[    1.213637] i8042: PNP: PS/2 Controller [PNP0303:PS2K,PNP0f03:PS2M] at 0x60,0x64 irq 1,12
[    1.220607] serio: i8042 KBD port at 0x60,0x64 irq 1
[    1.223505] serio: i8042 AUX port at 0x60,0x64 irq 12
[    1.224062] mousedev: PS/2 mouse device common for all mice
[    1.232508] rtc_cmos rtc_cmos: rtc core: registered rtc_cmos as rtc0
[    1.236604] rtc_cmos rtc_cmos: alarms up to one day, 114 bytes nvram
[    1.237005] input: AT Translated Set 2 keyboard as /devices/platform/i8042/serio0/input/input2
[    1.240065] i2c /dev entries driver
[    1.248232] device-mapper: uevent: version 1.0.3
[    1.251288] device-mapper: ioctl: 4.37.0-ioctl (2017-09-20) initialised: dm-devel@redhat.com
[    1.255817] ledtrig-cpu: registered to indicate activity on CPUs
[    1.260071] NET: Registered protocol family 10
[    1.268320] Segment Routing with IPv6
[    1.270349] NET: Registered protocol family 17
[    1.273120] Key type dns_resolver registered
[    1.276980] mce: Using 0 MCE banks
[    1.279371] RAS: Correctable Errors collector initialized.
[    1.282351] sched_clock: Marking stable (1282313224, 0)->(1833264972, -550951748)
[    1.288464] registered taskstats version 1
[    1.290723] Loading compiled-in X.509 certificates
[    1.297162] Loaded X.509 cert 'Build time autogenerated kernel key: b5b26778eaa3ab3a4a6cee031137706e947d12ad'
[    1.305189] Loaded X.509 cert 'Canonical Ltd. Live Patch Signing: 14df34d1a87cf37625abec039ef2bf521249b969'
[    1.310633] Loaded X.509 cert 'Canonical Ltd. Kernel Module Signing: 88f752e560a1e0737e31163a466ad7b70a850c19'
[    1.316125] blacklist: Loading compiled-in revocation X.509 certificates
[    1.319648] Loaded X.509 cert 'Canonical Ltd. Secure Boot Signing: 61482aa2830d0ab2ad5af10b7250da9033ddcef0'
[    1.325149] Loaded X.509 cert 'Canonical Ltd. Secure Boot Signing (2017): 242ade75ac4a15e50d50c84b0d45ff3eae707a03'
[    1.330580] Loaded X.509 cert 'Canonical Ltd. Secure Boot Signing (ESM 2018): 365188c1d374d6b07c3c8f240f8ef722433d6a8b'
[    1.336172] Loaded X.509 cert 'Canonical Ltd. Secure Boot Signing (2019): c0746fd6c5da3ae827864651ad66ae47fe24b3e8'
[    1.341560] Loaded X.509 cert 'Canonical Ltd. Secure Boot Signing (2021 v1): a8d54bbb3825cfb94fa13c9f8a594a195c107b8d'
[    1.348086] Loaded X.509 cert 'Canonical Ltd. Secure Boot Signing (2021 v2): 4cf046892d6fd3c9a5b03f98d845f90851dc6a8c'
[    1.354348] Loaded X.509 cert 'Canonical Ltd. Secure Boot Signing (2021 v3): 100437bb6de6e469b581e61cd66bce3ef4ed53af'
[    1.360613] Loaded X.509 cert 'Canonical Ltd. Secure Boot Signing (Ubuntu Core 2019): c1d57b8f6b743f23ee41f4f7ee292f06eecadfb9'
[    1.367701] zswap: loaded using pool lzo/zbud
[    1.399228] Key type big_key registered
[    1.401640] Key type trusted registered
[    1.407181] Key type encrypted registered
[    1.409663] AppArmor: AppArmor sha1 policy hashing enabled
[    1.413464] ima: No TPM chip found, activating TPM-bypass! (rc=-19)
[    1.417085] ima: Allocated hash algorithm: sha1
[    1.419977] evm: HMAC attrs: 0x1
[    1.422639]   Magic number: 8:908:994
[    1.425403] rtc_cmos rtc_cmos: setting system clock to 2024-09-10 16:59:15 UTC (1725987555)
[    1.431960] BIOS EDD facility v0.16 2004-Jun-25, 0 devices found
[    1.435536] EDD information not available.
[    1.441259] Freeing unused kernel image memory: 2480K
[    1.465462] Write protecting the kernel read-only data: 20480k
[    1.472837] Freeing unused kernel image memory: 2008K
[    1.477029] Freeing unused kernel image memory: 1820K
[    1.487044] x86/mm: Checked W+X mappings: passed, no W+X pages found.
[    1.491836] x86/mm: Checking user space page tables
[    1.500952] x86/mm: Checked W+X mappings: passed, no W+X pages found.
Loading, please wait...
starting version 237
[    1.594891] e1000: Intel(R) PRO/1000 Network Driver - version 7.3.21-k8-NAPI
[    1.599389] e1000: Copyright (c) 1999-2006 Intel Corporation.
[    1.609544] Fusion MPT base driver 3.04.20
[    1.612136] Copyright (c) 1999-2008 LSI Corporation
[    1.627450] Fusion MPT SPI Host driver 3.04.20
[    1.632187] AVX2 version of gcm_enc/dec engaged.
[    1.634781] AES CTR mode by8 optimization enabled
[    1.851232] input: ImExPS/2 Generic Explorer Mouse as /devices/platform/i8042/serio1/input/input4
[    2.111407] e1000 0000:00:03.0 eth0: (PCI:33MHz:32-bit) 02:3b:7b:b7:3b:2d
[    2.115084] e1000 0000:00:03.0 eth0: Intel(R) PRO/1000 Network Connection
[    2.120661] mptbase: ioc0: Initiating bringup
[    2.124675] e1000 0000:00:03.0 enp0s3: renamed from eth0
[    2.235130] ioc0: LSI53C1030 A0: Capabilities={Initiator}
[    2.486259] scsi host2: ioc0: LSI53C1030 A0, FwRev=00000000h, Ports=1, MaxQ=256, IRQ=20
[    2.661862] scsi 2:0:0:0: Direct-Access     VBOX     HARDDISK         1.0  PQ: 0 ANSI: 5
[    2.705073] scsi target2:0:0: Beginning Domain Validation
[    2.714267] scsi target2:0:0: Domain Validation skipping write tests
[    2.718180] scsi target2:0:0: Ending Domain Validation
[    2.721415] scsi target2:0:0: asynchronous
[    2.724687] scsi 2:0:1:0: Direct-Access     VBOX     HARDDISK         1.0  PQ: 0 ANSI: 5
[    2.760147] scsi target2:0:1: Beginning Domain Validation
[    2.768222] scsi target2:0:1: Domain Validation skipping write tests
[    2.772043] scsi target2:0:1: Ending Domain Validation
[    2.775288] scsi target2:0:1: asynchronous
[    2.784346] sd 2:0:0:0: Attached scsi generic sg0 type 0
[    2.788017] sd 2:0:0:0: [sda] 83886080 512-byte logical blocks: (42.9 GB/40.0 GiB)
[    2.793239] sd 2:0:1:0: Attached scsi generic sg1 type 0
[    2.796921] sd 2:0:0:0: [sda] Write Protect is off
[    2.800077] sd 2:0:1:0: [sdb] 20480 512-byte logical blocks: (10.5 MB/10.0 MiB)
[    2.800180] sd 2:0:0:0: [sda] Incomplete mode parameter data
[    2.808291] sd 2:0:1:0: [sdb] Write Protect is off
[    2.810964] sd 2:0:0:0: [sda] Assuming drive cache: write through
[    2.814359] sd 2:0:1:0: [sdb] Incomplete mode parameter data
[    2.818240] sd 2:0:1:0: [sdb] Assuming drive cache: write through
[    2.823666]  sda: sda1
[    2.827025] sd 2:0:0:0: [sda] Attached SCSI disk
[    2.830947] sd 2:0:1:0: [sdb] Attached SCSI disk
Begin: Loading essential drivers ... [    5.201128] raid6: sse2x1   gen() 112529 MB/s
[    5.289992] raid6: sse2x1   xor()  6067 MB/s
[    5.415471] raid6: sse2x2   gen() 16626 MB/s
[    5.919478] raid6: sse2x2   xor() 103844 MB/s
[    6.172039] raid6: sse2x4   gen() 61347 MB/s
[    6.231999] raid6: sse2x4   xor() 14211 MB/s
[    6.328325] raid6: avx2x1   gen() 40170 MB/s
[    6.427860] raid6: avx2x1   xor() 34053 MB/s
[    7.132160] raid6: avx2x2   gen() 140017 MB/s
[    7.202087] raid6: avx2x2   xor() 33127 MB/s
[    7.321420] raid6: avx2x4   gen() 92267 MB/s
[    7.374008] raid6: avx2x4   xor() 20486 MB/s
[    7.377905] raid6: using algorithm avx2x2 gen() 140017 MB/s
[    7.382878] raid6: .... xor() 33127 MB/s, rmw enabled
[    7.388453] raid6: using avx2x2 recovery algorithm
[    7.417219] xor: automatically using best checksumming function   avx       
[    7.423690] async_tx: api initialized (async)
done.
Begin: Running /scripts/init-premount ... done.
Begin: Mounting root file system ... Begin: Running /scripts/local-top ... done.
Begin: Running /scripts/local-premount ... [    7.481979] Btrfs loaded, crc32c=crc32c-intel
Scanning for Btrfs filesystems
done.
Warning: fsck not present, so skipping root file system
[    7.514901] EXT4-fs (sda1): mounted filesystem with ordered data mode. Opts: (null)
done.
Begin: Running /scripts/local-bottom ... done.
Begin: Running /scripts/init-bottom ... done.
[    7.679095] ip_tables: (C) 2000-2006 Netfilter Core Team
[    7.692258] systemd[1]: systemd 237 running in system mode. (+PAM +AUDIT +SELINUX +IMA +APPARMOR +SMACK +SYSVINIT +UTMP +LIBCRYPTSETUP +GCRYPT +GNUTLS +ACL +XZ +LZ4 +SECCOMP +BLKID +ELFUTILS +KMOD -IDN2 +IDN -PCRE2 default-hierarchy=hybrid)
[    7.703945] systemd[1]: Detected virtualization oracle.
[    7.707429] systemd[1]: Detected architecture x86-64.

Welcome to [1mUbuntu 18.04.6 LTS[0m!

[    7.724764] systemd[1]: Set hostname to <ubuntu>.
[    7.730854] systemd[1]: Initializing machine ID from random generator.
[    7.734470] systemd[1]: Installed transient /etc/machine-id file.
[    7.960912] systemd[1]: Created slice System Slice.
[[0;32m  OK  [0m] Created slice System Slice.
[    7.965210] systemd[1]: Reached target Mounting snaps.
[[0;32m  OK  [0m] Reached target Mounting snaps.
[    7.969624] systemd[1]: Listening on /dev/initctl Compatibility Named Pipe.
[[0;32m  OK  [0m] Listening on /dev/initctl Compatibility Named Pipe.
[    7.975918] systemd[1]: Set up automount Arbitrary Executable File Formats File System Automount Point.
[[0;32m  OK  [0m] Set up automount Arbitrary Executabâ€¦rmats File System Automount Point.
[[0;32m  OK  [0m] Reached target Mounted snaps.
[[0;32m  OK  [0m] Listening on Journal Audit Socket.
[[0;32m  OK  [0m] Created slice system-serial\x2dgetty.slice.
[[0;32m  OK  [0m] Listening on Journal Socket (/dev/log).
[[0;32m  OK  [0m] Reached target User and Group Name Lookups.
[[0;32m  OK  [0m] Listening on Device-mapper event daemon FIFOs.
[[0;32m  OK  [0m] Reached target System Time Synchronized.
[[0;32m  OK  [0m] Started Forward Password Requests to Wall Directory Watch.
[[0;32m  OK  [0m] Listening on Journal Socket.
         Starting Uncomplicated firewall...
         Mounting Huge Pages File System...
         Starting Load Kernel Modules...
         Mounting POSIX Message Queue File System...
         Starting Set the console keyboard layout...
[[0;32m  OK  [0m] Listening on udev Kernel Socket.
[[0;32m  OK  [0m] Listening on Network Service Netlink Socket.
         Mounting Kernel Debug File System...
         Starting Create list of required stâ€¦ce nodes for the current kernel...
[[0;32m  OK  [0m] Listening on LVM2 poll daemon socket.
[[0;32m  OK  [0m] Listening on Syslog Socket.
         Starting Journal Service...
[[0;32m  OK  [0m] Listening on udev Control Socket.
         Starting udev Coldplug all Devices...
[[0;32m  OK  [0m] Reached target Swap.
[[0;32m  OK  [0m] Created slice User and Session Slice.
[    8.044330] Loading iSCSI transport class v2.0-870.
[[0;32m  OK  [0m] Reached target Slices.
[[0;32m  OK  [0m] Listening on fsck to fsckd communication Socket.
[    8.054930] iscsi: registered transport (tcp)
         Starting File System Check on Root Device...
[[0;32m  OK  [0m] Listening on LVM2 metadata daemon socket.
         Starting Monitoring of LVM2 mirrorsâ€¦ng dmeventd or progress polling...
[[0;32m  OK  [0m] Started Uncomplicated firewall.
[[0;32m  OK  [0m] Mounted Huge Pages File System.
[[0;32m  OK  [0m] Mounted POSIX Message Queue File System.
[[0;32m  OK  [0m] Mounted Kernel Debug File System.
[[0;32m  OK  [0m] Started Create list of required staâ€¦vice nodes for the current kernel.
         Starting Create Static Device Nodes in /dev...
[[0;32m  OK  [0m] Started Journal Service.
[[0;32m  OK  [0m] Started File System Check Daemon to report status.
[[0;32m  OK  [0m] Started udev Coldplug all Devices.
[    8.148363] iscsi: registered transport (iser)
[[0;32m  OK  [0m] Started Load Kernel Modules.
         Mounting FUSE Control File System...
         Starting Apply Kernel Variables...
         Mounting Kernel Configuration File System...
[[0;32m  OK  [0m] Mounted FUSE Control File System.
[[0;32m  OK  [0m] Mounted Kernel Configuration File System.
[[0;32m  OK  [0m] Started LVM2 metadata daemon.
[[0;32m  OK  [0m] Started Create Static Device Nodes in /dev.
[[0;32m  OK  [0m] Started File System Check on Root Device.
         Starting Remount Root and Kernel File Systems...
[[0;32m  OK  [0m] Started Apply Kernel Variables.
[[0;32m  OK  [0m] Started Monitoring of LVM2 mirrors,â€¦sing dmeventd or progress polling.
[[0;32m  OK  [0m] Started Remount Root and Kernel File Systems.
         Starting Load/Save Random Seed...
         Starting udev Kernel Device Manager...
         Starting Flush Journal to Persistent Storage...
[[0;32m  OK  [0m] Started Load/Save Random Seed.
[[0;32m  OK  [0m] Started udev Kernel Device Manager.
[[0;32m  OK  [0m] Started Flush Journal to Persistent Storage.
[[0;32m  OK  [0m] Started Set the console keyboard layout.
[[0;32m  OK  [0m] Reached target Local File Systems (Pre).
[[0;32m  OK  [0m] Reached target Local File Systems.
         Starting Set console font and keymap...
         Starting Commit a transient machine-id on disk...
         Starting Create Volatile Files and Directories...
         Starting AppArmor initialization...
         Starting Tell Plymouth To Write Out Runtime Data...
         Starting ebtables ruleset management...
[[0;32m  OK  [0m] Started Dispatch Password Requests to Console Directory Watch.
[[0;32m  OK  [0m] Reached target Local Encrypted Volumes.
[[0;32m  OK  [0m] Found device /dev/ttyS0.
[[0;32m  OK  [0m] Started Tell Plymouth To Write Out Runtime Data.
[[0;32m  OK  [0m] Started Create Volatile Files and Directories.
         Starting Update UTMP about System Boot/Shutdown...
[[0;32m  OK  [0m] Listening on Load/Save RF Kill Switch Status /dev/rfkill Watch.
[[0;32m  OK  [0m] Started Update UTMP about System Boot/Shutdown.
[[0;32m  OK  [0m] Started Commit a transient machine-id on disk.
[[0;32m  OK  [0m] Started ebtables ruleset management.
         Mounting Arbitrary Executable File Formats File System...
[[0;32m  OK  [0m] Mounted Arbitrary Executable File Formats File System.
[[0;32m  OK  [0m] Started AppArmor initialization.
         Starting Initial cloud-init job (pre-networking)...
         Starting Load AppArmor profiles managed internally by snapd...
[[0;32m  OK  [0m] Started Load AppArmor profiles managed internally by snapd.
[[0;32m  OK  [0m] Started Set console font and keymap.
[   11.410028] cloud-init[755]: Cloud-init v. 23.1.2-0ubuntu0~18.04.1 running 'init-local' at Tue, 10 Sep 2024 16:59:25 +0000. Up 11.04 seconds.
[[0;32m  OK  [0m] Started Initial cloud-init job (pre-networking).
[[0;32m  OK  [0m] Reached target Network (Pre).
         Starting Network Service...
[[0;32m  OK  [0m] Started Network Service.
         Starting Network Name Resolution...
         Starting Wait for Network to be Configured...
[[0;32m  OK  [0m] Started Network Name Resolution.
[[0;32m  OK  [0m] Reached target Host and Network Name Lookups.
[[0;32m  OK  [0m] Reached target Network.
[[0;32m  OK  [0m] Started Wait for Network to be Configured.
         Starting Initial cloud-init job (metadata service crawler)...
[   13.026586] cloud-init[901]: Cloud-init v. 23.1.2-0ubuntu0~18.04.1 running 'init' at Tue, 10 Sep 2024 16:59:26 +0000. Up 12.91 seconds.
[   13.032963] cloud-init[901]: ci-info: ++++++++++++++++++++++++++++++++++++++Net device info++++++++++++++++++++++++++++++++++++++
[   13.036198] cloud-init[901]: ci-info: +--------+------+----------------------------+---------------+--------+-------------------+
[   13.039014] cloud-init[901]: ci-info: | Device |  Up  |          Address           |      Mask     | Scope  |     Hw-Address    |
[   13.042540] cloud-init[901]: ci-info: +--------+------+----------------------------+---------------+--------+-------------------+
[   13.045296] cloud-init[901]: ci-info: | enp0s3 | True |         10.0.2.15          | 255.255.255.0 | global | 02:3b:7b:b7:3b:2d |
[   13.048036] cloud-init[901]: ci-info: | enp0s3 | True | fe80::3b:7bff:feb7:3b2d/64 |       .       |  link  | 02:3b:7b:b7:3b:2d |
[   13.050764] cloud-init[901]: ci-info: |   lo   | True |         127.0.0.1          |   255.0.0.0   |  host  |         .         |
[   13.053616] cloud-init[901]: ci-info: |   lo   | True |          ::1/128           |       .       |  host  |         .         |
[   13.056390] cloud-init[901]: ci-info: +--------+------+----------------------------+---------------+--------+-------------------+
[   13.059201] cloud-init[901]: ci-info: ++++++++++++++++++++++++++++Route IPv4 info+++++++++++++++++++++++++++++
[   13.061595] cloud-init[901]: ci-info: +-------+-------------+----------+-----------------+-----------+-------+
[   13.063972] cloud-init[901]: ci-info: | Route | Destination | Gateway  |     Genmask     | Interface | Flags |
[   13.066354] cloud-init[901]: ci-info: +-------+-------------+----------+-----------------+-----------+-------+
[   13.069718] cloud-init[901]: ci-info: |   0   |   0.0.0.0   | 10.0.2.2 |     0.0.0.0     |   enp0s3  |   UG  |
[   13.072174] cloud-init[901]: ci-info: |   1   |   10.0.2.0  | 0.0.0.0  |  255.255.255.0  |   enp0s3  |   U   |
[   13.074663] cloud-init[901]: ci-info: |   2   |   10.0.2.2  | 0.0.0.0  | 255.255.255.255 |   enp0s3  |   UH  |
[   13.077025] cloud-init[901]: ci-info: +-------+-------------+----------+-----------------+-----------+-------+
[   13.079328] cloud-init[901]: ci-info: +++++++++++++++++++Route IPv6 info+++++++++++++++++++
[   13.081275] cloud-init[901]: ci-info: +-------+-------------+---------+-----------+-------+
[   13.083179] cloud-init[901]: ci-info: | Route | Destination | Gateway | Interface | Flags |
[   13.085175] cloud-init[901]: ci-info: +-------+-------------+---------+-----------+-------+
[   13.087316] cloud-init[901]: ci-info: |   1   |  fe80::/64  |    ::   |   enp0s3  |   U   |
[   13.089365] cloud-init[901]: ci-info: |   3   |    local    |    ::   |   enp0s3  |   U   |
[   13.091294] cloud-init[901]: ci-info: |   4   |   ff00::/8  |    ::   |   enp0s3  |   U   |
[   13.093696] cloud-init[901]: ci-info: +-------+-------------+---------+-----------+-------+
[   13.729364] cloud-init[901]: Generating public/private rsa key pair.
[   13.732863] cloud-init[901]: Your identification has been saved in /etc/ssh/ssh_host_rsa_key.
[   13.734950] cloud-init[901]: Your public key has been saved in /etc/ssh/ssh_host_rsa_key.pub.
[   13.737025] cloud-init[901]: The key fingerprint is:
[   13.738952] cloud-init[901]: SHA256:dKKnJgy5JBbuv7tQ2WvDvYEj6jm2Efwgd8YvIF1GYZA root@ubuntu-bionic
[   13.741099] cloud-init[901]: The key's randomart image is:
[   13.742988] cloud-init[901]: +---[RSA 2048]----+
[   13.744517] cloud-init[901]: |  .o+.           |
[   13.746043] cloud-init[901]: |  Eo             |
[   13.747341] cloud-init[901]: | .  o   o .      |
[   13.748782] cloud-init[901]: |o..=o  o o       |
[   13.750588] cloud-init[901]: |+*Bo+.. S        |
[   13.751826] cloud-init[901]: |+==B..+o         |
[   13.753170] cloud-init[901]: | +.o+B+o         |
[   13.754347] cloud-init[901]: | o* o+o o        |
[   13.755513] cloud-init[901]: |o=o=+  .         |
[   13.757034] cloud-init[901]: +----[SHA256]-----+
[   13.758250] cloud-init[901]: Generating public/private dsa key pair.
[   13.760631] cloud-init[901]: Your identification has been saved in /etc/ssh/ssh_host_dsa_key.
[   13.763706] cloud-init[901]: Your public key has been saved in /etc/ssh/ssh_host_dsa_key.pub.
[   13.766467] cloud-init[901]: The key fingerprint is:
[   13.768279] cloud-init[901]: SHA256:HCbjkJwwR/ryaqAN+fQWIlXc5PMRtXwb3bJMH20E3tA root@ubuntu-bionic
[   13.770550] cloud-init[901]: The key's randomart image is:
[   13.773431] cloud-init[901]: +---[DSA 1024]----+
[   13.774652] cloud-init[901]: |  oooo. ...   oo.|
[   13.776506] cloud-init[901]: |   *o+.  o . o =E|
[   13.777769] cloud-init[901]: |  ..= = + o o =.=|
[   13.778965] cloud-init[901]: |  .. o B o . = =.|
[   13.780533] cloud-init[901]: | o. . . S   . o .|
[   13.781718] cloud-init[901]: |= oo.            |
[   13.782895] cloud-init[901]: |.B o..           |
[   13.784270] cloud-init[901]: |. +.o            |
[   13.785502] cloud-init[901]: | ...             |
[   13.786749] cloud-init[901]: +----[SHA256]-----+
[   13.787969] cloud-init[901]: Generating public/private ecdsa key pair.
[   13.789719] cloud-init[901]: Your identification has been saved in /etc/ssh/ssh_host_ecdsa_key.
[   13.791842] cloud-init[901]: Your public key has been saved in /etc/ssh/ssh_host_ecdsa_key.pub.
[   13.794087] cloud-init[901]: The key fingerprint is:
[   13.795512] cloud-init[901]: SHA256:rqlk6JJ3j/I4T743ddiMaYs3GM0LYiH3QhkPoaA2Fyw root@ubuntu-bionic
[   13.798571] cloud-init[901]: The key's randomart image is:
[   13.800114] cloud-init[901]: +---[ECDSA 256]---+
[   13.802079] cloud-init[901]: |. ....           |
[   13.803348] cloud-init[901]: |.E o+            |
[   13.804652] cloud-init[901]: |.oo. =           |
[   13.805882] cloud-init[901]: |. + = .          |
[   13.807119] cloud-init[901]: |   + o oS*       |
[   13.808429] cloud-init[901]: |   .+ +.O +      |
[   13.809666] cloud-init[901]: | ...+o B.+       |
[   13.810918] cloud-init[901]: |o.+*..=o=        |
[   13.812242] cloud-init[901]: | oo*B=+o .       |
[   13.813471] cloud-init[901]: +----[SHA256]-----+
[   13.814711] cloud-init[901]: Generating public/private ed25519 key pair.
[   13.816439] cloud-init[901]: Your identification has been saved in /etc/ssh/ssh_host_ed25519_key.
[   13.818644] cloud-init[901]: Your public key has been saved in /etc/ssh/ssh_host_ed25519_key.pub.
[   13.820885] cloud-init[901]: The key fingerprint is:
[   13.822167] cloud-init[901]: SHA256:7W+Hm0AJukW9+ZK7CYeHctqj2mWQBId5EaJS0Cpmi9M root@ubuntu-bionic
[   13.824443] cloud-init[901]: The key's randomart image is:
[   13.825758] cloud-init[901]: +--[ED25519 256]--+
[   13.826923] cloud-init[901]: |.o. oo+o         |
[   13.828168] cloud-init[901]: | ...o+.  .       |
[   13.829335] cloud-init[901]: |...  .. o .      |
[   13.830489] cloud-init[901]: |o+   . + o +     |
[   13.831642] cloud-init[901]: |=..   + S *      |
[   13.832890] cloud-init[901]: |o.E    + = o     |
[   13.834138] cloud-init[901]: | .    o B B ..   |
[   13.835336] cloud-init[901]: |     . B.+ *o..  |
[   13.836547] cloud-init[901]: |    ..+...+o+o   |
[   13.837737] cloud-init[901]: +----[SHA256]-----+
[[0;32m  OK  [0m] Started Initial cloud-init job (metadata service crawler).
[[0;32m  OK  [0m] Reached target System Initialization.
[[0;32m  OK  [0m] Listening on UUID daemon activation socket.
         Starting Socket activation for snappy daemon.
[[0;32m  OK  [0m] Listening on Open-iSCSI iscsid Socket.
[[0;32m  OK  [0m] Listening on ACPID Listen Socket.
[[0;32m  OK  [0m] Listening on cloud-init hotplug hook socket.
[[0;32m  OK  [0m] Started Message of the Day.
         Starting LXD - unix socket.
[[0;32m  OK  [0m] Started Daily Cleanup of Temporary Directories.
[[0;32m  OK  [0m] Started Ubuntu Advantage Timer for running repeated jobs.
[[0;32m  OK  [0m] Listening on D-Bus System Message Bus Socket.
[[0;32m  OK  [0m] Started ACPI Events Check.
[[0;32m  OK  [0m] Reached target Paths.
[[0;32m  OK  [0m] Started Daily apt download activities.
[[0;32m  OK  [0m] Started Daily apt upgrade and clean activities.
[[0;32m  OK  [0m] Started Discard unused blocks once a week.
[[0;32m  OK  [0m] Reached target Timers.
[[0;32m  OK  [0m] Reached target Cloud-config availability.
[[0;32m  OK  [0m] Reached target Network is Online.
[[0;32m  OK  [0m] Reached target Remote File Systems (Pre).
[[0;32m  OK  [0m] Reached target Remote File Systems.
         Starting Availability of block devices...
[[0;32m  OK  [0m] Listening on Socket activation for snappy daemon.
[[0;32m  OK  [0m] Listening on LXD - unix socket.
[[0;32m  OK  [0m] Started Availability of block devices.
[[0;32m  OK  [0m] Reached target Sockets.
[[0;32m  OK  [0m] Reached target Basic System.
[[0;32m  OK  [0m] Started FUSE filesystem for LXC.
         Starting Dispatcher daemon for systemd-networkd...
         Starting Login Service...
[[0;32m  OK  [0m] Started Regular background program processing daemon.
[[0;32m  OK  [0m] Started Deferred execution scheduler.
[[0;32m  OK  [0m] Reached target Login Prompts (Pre).
[[0;32m  OK  [0m] Started irqbalance daemon.
         Starting LXD - container startup/shutdown...
         Starting Accounts Service...
         Starting Pollinate to seed the pseudo random number generator...
         Starting Permit User Sessions...
[[0;32m  OK  [0m] Started D-Bus System Message Bus.
[[0;32m  OK  [0m] Started Login Service.
[[0;32m  OK  [0m] Started Unattended Upgrades Shutdown.
         Starting System Logging Service...
         Starting LSB: automatic crash report generation...
         Starting LSB: Record successful boot for GRUB...
         Starting Virtualbox guest utils...
         Starting Snap Daemon...
[[0;32m  OK  [0m] Started System Logging Service.
[[0;32m  OK  [0m] Started LXD - container startup/shutdown.
[[0;32m  OK  [0m] Started Permit User Sessions.
         Starting Authorization Manager...
         Starting Terminate Plymouth Boot Screen...
         Starting Hold until boot process finishes up...
[[0;32m  OK  [0m] Started Hold until boot process finishes up.
[[0;32m  OK  [0m] Started Serial Getty on ttyS0.
         Starting Set console scheme...
[[0;32m  OK  [0m] Started Terminate Plymouth Boot Screen.
[[0;32m  OK  [0m] Started LSB: automatic crash report generation.
[[0;32m  OK  [0m] Started Set console scheme.
[[0;32m  OK  [0m] Created slice system-getty.slice.
[[0;32m  OK  [0m] Started Getty on tty1.
[[0;32m  OK  [0m] Reached target Login Prompts.
[[0;32m  OK  [0m] Started Authorization Manager.
[[0;32m  OK  [0m] Started Accounts Service.
[[0;32m  OK  [0m] Started LSB: Record successful boot for GRUB.
[[0;32m  OK  [0m] Started Virtualbox guest utils.
[[0;32m  OK  [0m] Started Dispatcher daemon for systemd-networkd.
[[0;32m  OK  [0m] Started Snap Daemon.
         Starting Wait until snapd is fully seeded...
[[0;32m  OK  [0m] Started Pollinate to seed the pseudo random number generator.
         Starting OpenBSD Secure Shell server...
[[0;32m  OK  [0m] Started OpenBSD Secure Shell server.
[[0;32m  OK  [0m] Created slice User Slice of vagrant.
         Starting User Manager for UID 1000...
[[0;32m  OK  [0m] Started Session 1 of user vagrant.
[[0;32m  OK  [0m] Started User Manager for UID 1000.
         Starting Time & Date Service...
[[0;32m  OK  [0m] Started Time & Date Service.
[[0;32m  OK  [0m] Started Wait until snapd is fully seeded.
         Starting Apply the settings specified in cloud-config...
[   16.736291] cloud-init[1542]: Cloud-init v. 23.1.2-0ubuntu0~18.04.1 running 'modules:config' at Tue, 10 Sep 2024 16:59:30 +0000. Up 16.06 seconds.
[[0;32m  OK  [0m] Started Apply the settings specified in cloud-config.
[[0;32m  OK  [0m] Reached target Multi-User System.
[[0;32m  OK  [0m] Reached target Graphical Interface.
         Starting Execute cloud user/final scripts...
         Starting Update UTMP about System Runlevel Changes...
[[0;32m  OK  [0m] Started Update UTMP about System Runlevel Changes.
ci-info: no authorized SSH keys fingerprints found for user ubuntu.
<14>Sep 10 16:59:31 cloud-init: #############################################################
<14>Sep 10 16:59:31 cloud-init: -----BEGIN SSH HOST KEY FINGERPRINTS-----
<14>Sep 10 16:59:31 cloud-init: 1024 SHA256:HCbjkJwwR/ryaqAN+fQWIlXc5PMRtXwb3bJMH20E3tA root@ubuntu-bionic (DSA)
<14>Sep 10 16:59:31 cloud-init: 256 SHA256:rqlk6JJ3j/I4T743ddiMaYs3GM0LYiH3QhkPoaA2Fyw root@ubuntu-bionic (ECDSA)
<14>Sep 10 16:59:31 cloud-init: 256 SHA256:7W+Hm0AJukW9+ZK7CYeHctqj2mWQBId5EaJS0Cpmi9M root@ubuntu-bionic (ED25519)
<14>Sep 10 16:59:31 cloud-init: 2048 SHA256:dKKnJgy5JBbuv7tQ2WvDvYEj6jm2Efwgd8YvIF1GYZA root@ubuntu-bionic (RSA)
<14>Sep 10 16:59:31 cloud-init: -----END SSH HOST KEY FINGERPRINTS-----
<14>Sep 10 16:59:31 cloud-init: #############################################################
-----BEGIN SSH HOST KEY KEYS-----
ecdsa-sha2-nistp256 AAAAE2VjZHNhLXNoYTItbmlzdHAyNTYAAAAIbmlzdHAyNTYAAABBBOpDY3PQBcVWJIpDJWPYjRNR6G8Fb1peacLN2GgiBjSxYYeS4HPCHQinJ97l+NZQS7U8TbHTYKrkweTjUaj0sF4= root@ubuntu-bionic
ssh-ed25519 AAAAC3NzaC1lZDI1NTE5AAAAII65YXh1xZYJmJZdJliLkeXb9RmeV0Gm9YDuVPFJZ7EW root@ubuntu-bionic
ssh-rsa AAAAB3NzaC1yc2EAAAADAQABAAABAQCz7v+iytlv6DwOPkLECYJ1h64Nx+XtUObXSewolM0y2yBVWlqEEJthpxnse6a70a+FkkjkvYh5B4j6zKcGkKhP/TCRRkjrY5Nd91sKsGoGRAag8ptb+fkiAIIjSdOgFl7JB3IBfQD7U8Gmb/YF3gBKAfnZ/Jhyicp2VTZnSF3T0x1K2kitvVsSj8KBOJs7tkNrKNeMbpkTr6dbj1DxDsMRJzLa8cf5L06hUkWL08wLdE89TpJRGhON9Xapz16sLUYzF/ipeZsPjDiCbj6hhIHrNb7LtCBEtxCsQM0uOwL2HGI1dlamUbGxAMlQBT40WOoxxGYIcfqWjQCleEJtUcf5 root@ubuntu-bionic
-----END SSH HOST KEY KEYS-----
[   17.401500] cloud-init[1628]: Cloud-init v. 23.1.2-0ubuntu0~18.04.1 running 'modules:final' at Tue, 10 Sep 2024 16:59:31 +0000. Up 17.19 seconds.
[   17.406299] cloud-init[1628]: Cloud-init v. 23.1.2-0ubuntu0~18.04.1 finished at Tue, 10 Sep 2024 16:59:31 +0000. Datasource DataSourceNoCloud [seed=/dev/sdb][dsmode=net].  Up 17.39 seconds
[[0;32m  OK  [0m] Started Execute cloud user/final scripts.
[[0;32m  OK  [0m] Reached target Cloud-init target.

Ubuntu 18.04.6 LTS ubuntu-bionic ttyS0

ubuntu-bionic login: 